45dcb053c8a6bfe428a742efa79077c46646d0b910f9592a9b90ea99e8792d7d
073368b63f8c07dbd9f1009de7ab3eef3ccec01571915ddb5f89811fbc4d5dc1
cc4d3477b5b159dda03f38e034b3b5b8df616a0eb738b802ae491fc62f3cbdd3
147c46b15f61551e2bd3a3a14ef730a2e03b18dad305a5655afb2b7f4ec9b58f
f51a25f3f7a470de29393e24a41ce4626f3bda2e4a616bddd13f4d45452940c6
51432a9ef9f5a69174908f8bcceb8cd2ae4a645aa8aac4e3442c8acdc98a8149
91bfda6df7be923e2d83b3ae200f961feacda2db952abd1a4fa3164021ab3ab4
c6ea14e2fef3582818d6800a5f8dd6fffb96b943f938a6e33e8368ba7d4ac401
61c1f66c98c62cbaf3d7afe3d91cb5ac2bdbfb245854e02b17874892323687f6
848d19f62fdce922f834aba17756b959884239f7789e28e5ee603e1430637cc1
6bbd9a84d9aeb7453f03e677b65b24680b42648622c26e110524a3c6343360e0
efd8becc78556bfc417985962bebf01bd712625acf64470dc8ba95f63f9bd904
dd167e6847848a103ecc9f8fe2323ed81d7a49517abd2ba4ed36869d1b26e4dd
ea6376b2dd8c084f7b52d4ef72bf1b070462410f5d2564cde67858d26a30228a
fe15cfca988624107476b9b94f36f1d8443dab6680e2da5745e0482deae72969
81b19bc0622ad1bf1fb631a6d35955fc5460e45c0a1a98e274a501718abd6811
6259de19bb1adb5ddf61f3de5fe6b9bb22da00298dce89c4cacd2d248c6997da
388b26eade463767cd65c12d3b8af8ac5c0b4a5cb2b4c92b2b358be564f7cb21
616a02cac9e9fbd59714018d7b9c74cdaddcb9b12dd0d7b0fcbe8f0e35a67be3
6eaef3c4d9935307c52ff712b227a0b2380f1722b4c1f418bc4c664eb6e76713
1298fc47bea902ed8871fb2ba926166ce92c7160ce8cdee9dab8bf99711525c6
0a29b6e2313453509c8f9c9fd36133e0a65256c09b5eefba51bd16c72cd8ce14
253b30bf9d273e39b737bb0f324ecc678feaf91efb44b500aac5c311cb6aad8f
85443aa44f341373df88c0f21a3c3a28a7207548b65a0a35f5c507d0f69b6660
bd4a44c74e837e9192635ac7f30d65724b3fef5bca3f32eb7130157ee72f6273
8afbd0e8d7e1cce529be9d0841f6827c604cfe1032423c090a363f053db9630d
12bd42701afb330fb4d3ab7330a295ee564b1070e2658bb23d413d035e2d047e
85df68ff85927c3e98bbf955d688c0532f73369f268b7dd6d4ff305f37886a4e
b3aa93e88f1bbeba260933bcb8bb9792fb2568ff97595147e53c6ac7cc3fcc75
8cddac1ebd7fbdba0aec7fdb8e8aba9319e2106ba9e48f0f0d102c79743d6af5
4777dcb43994d999cac54542bf338830a88d7170cb8371f05a03c1e96218e1b0
9a1195f081babb8f9ba77152a21fd4b323a0a1e0a84e4491d2211c50dcfeda55
57f731b9793157d5d9b0c9a6c54e7a9dd7e41991b862b1fab544f40207d5268b
86d927b3b8c04c6a7a319814eb5c7607d29cced1e7916301560b05e5db4383e3
b1860c0ea8e68e7d8a5ae4b83b1e120854fd2cc5a76d70aac6472df5dfe84a3f
9cde9e23f84a99c01a8ca1e9fbaed5f6ca437684c69511e97c9ba1503974eae0
8d988c76303dc99e5e008243419262ffada903b53899ab9e4232885a4b156b37
e2ac9ade99bdeb8cd9ac498868c650306127c63b77943aaba57e1ad9e7324d1c
2a76776a79852247454e375b7c3af70558ae982fc1929b34d6ad8a8748638332
40e221423ff694bd737a4dc91a869d157ffde59b5846b55ab5181d3254eaad81
378a68620a3452b65307507abdf6ed2e3298cf0f54c89d80c393f519d9e5e6ea
472fc81837bfa435e484837d17e1e4f8924d91a5c605430e48e381e3041be130
209012bffa3fc0c5c0ff7bb72582c2d13c61caa0fa0c6b218dcb639501841791
03c5115ebb10180fcea731b57a130dea8da38e7b08f7b91d1e4b95d88603ff0a
c9e46dcc27fedecf212823419bb5399876a2845d90b184d0fce72b82e503b207
e07d15e1706ebc2d1190d79d7b851e349e9983dc7959d995d2cca672fa5348ab
7568f9071dae1863d48459cf1d8d98f53f982f1c5e0b1fb30ae00906301d306e
e3f45ee8e88fe49459f07546e6b5826060b8c63ed7ecae0a165b7d1ed6bfaa36
89dd155d317329f664ce9c1aeff3e16c88e99c0886177035ee052a6c4a72aaf0
f1cf15750fc2c79fab5e68557ff49817751fff4a5b015257d9672ee0650de80f
356fe6163a60bba7f38874352681afa7a49a3be12b041a2b6d6e6db213741ad3
3c9190b0f84657cbc4da3c43321b9be71b0ab2d4d8f3eaba387ccbee433bc328
400076a245b1ced7d5003a9d26e92d5416f277a27d912c0545bf8e6554ebb879
f63af221209e8fdfc7297b483b4050d6c4fe2d0f8be6dc698a446a1618f3dc51
b4a90aed10eecb7cf5d0aa4609ce5ce7e19902c3ce7eb2dc22ed9c184c6ef969
001afb656a03e2733ee33849659ab80b22217852da6ed801d5de0d7de9429294
a15203e6850fe52eb17fb0cec17f3d1f89aa0b9e2b77009f22e5188a5e473cff
fe3a6eb0e00d5f89f7b69ebfafa6840f415bace3d0abe7dc0691fbfc91a74b9e
1d86323375077dc0c3d8664029cbcf9fe88b2e03a239c66f04cff9578a3509bb
95e44764762c643126aa929905bf4e39cd86a78502ffc451613bd404b6ed8895
5641d5495929dba2da26a0447d15bfee73798fd66cb3d393d0728574b2e468e1
99aa902a3d871df522b909d2b2a3dbad25c301ac3af69aa84c5937f58f83e083
57a97f2d34114921df0c26b38ce4028249205efaa3bc27a809f6bd2621b80e3c
586cc5fe4b9a3b258f91d85579db8e53a156c794c3a8456fa26a0b98ec7fdca2
d501aae430b7129a02cddb8e607742d2b5b011f97b0c16ae9802d9c77e90bc1f
df54e86e8952485eab6b502c25ce2ab1df9cb4f18ecc32e855c8e3f208ceeae4
fb761a0f66f0ebdf3ca58e7f982323fe2c11af8394b10a230c8258cbc9026656
ff365e5c9ca6fc3220c614c85753fc1041169c656581d4d6cd1a495e6cd143d3
d74dabcae9af7cc233805cf54043df6634ec3b93cbcb7a0fb0db2f27bf94c9a3
95ec6106a71f667936f1c30c4b6f91526dc9b8776d1cc096685d37b3453a9346
b88f9266ab01a7a0d3fe73c12d3cd63c0c4ba5612c02bb988241404162e56056
03f1c024e7acc60b1255a6b512c93e951cc2a20d9bfcc8a960212d564135c491
55984dc8f046459a66f8a87e0f81ce274e34e37951ac1812afd8cf04795833e1
b136d0275c539295787ff86cd7234d9b0d15023ae81f98fcc7e7b3362af97531
2d821a640ac02fa52fdf837b9eb726a07e523e549b18d7dd64eac153828d01c9
ab40dacc93a69b208bc48c42652d0db5f0bde15720864c5db65a971b6efefe74
d903409c2d9f1cf98e5aacd81f11d5f6fe41f327ef996bcd1bd38601557df3e1
a5c91f58f87e9fd070abe5e7488d20d0a70142e5350e10a12de4e9d3a5958a6f
d12dd45d3962a6c981c5d42f562052f8bdc6defb068334cbba8d48c127c87fb8
1f3f5665c3141a56973fffb365e8183ca57952cbd81aa6d014653c842692466c
266b606efc0b5f581ea3d6687fedde22d49179d4f8a78486a5dee531f01b4c4b
64f1d0ff71dd180a141d88c02ec7c5b71dc892175d59b6440e0522421c363dc4
1a42e7df54e4f079a292a24fc1ca743a3d28c90d9dfa8d5b84623cac575ba690
fab1936c9c9d4c5fd674e5b2e656344b1edaa1b6f63a3d98390b427510934fcb
6120b0f023a3e45b6733536c73e72916b8508708fabce82cb80252fc10f1ba58
88873d08cad0a62cde5c61a93298ce504f6087234af40a5ef41f4f4b4611f1a6
ea39f48caa21921bf53f1d0b45e339c872e1ea7883ccca68067c535f08784459
074a14bd66c3fbae264fb5be7037e89dff076990d5b673a0f92a8ccd4d323891
be0fd530406f3c7f963d7229150515a9ec91c764c4f92839c60cf3618dc995ab
77a149f25a991c764864170c3ae3e9ce7e7c682cb2e6eed8fc9549a0fe508c80
1704007eb643278a3527e28b0f55a02b933f502639fb0b11f79501ced4d1b646
71e8c765021c4a8a3feeb16de123c1f4175560bcc5140d4d096a12e3fd133637
5de2142e93ce62549055eaf8e364c00ad39a650db2b9349ba816d7df3967fb13
9c22bcd869906cffc74e7c50909d67c7f241f7de3164a13725db2ed7fddf9ef9
8ffd65be53c6578100a6b088de039fb0d1a3a2437aab0afa62608a579534ca8d
3d439d13ceb8a45c737668fa1fae8eebcd6f9b9f262b49e116ed5f143fbca980
db44bf27f551ddf20fbf6b61cb6f717b1fd65c3435cef9df7bfe7cdc42f87c9e
e24b5f13471a1eb8c1b5232e26ab4eee7cf6b85a9a6295f08f2bfb97821e1c7f
86e3b60de971a51ae0966023a90b84dd2a9d4a4dc83896937d9bbb31354ab83b
ba8d6773c16c2455f4d3c45042b4636c3a423e3ca5288eeeddccfdb57c8da853

real	0m3.834s
user	0m2.512s
sys	0m1.438s
